This is pdfTeX, Version 3.141592653-2.6-1.40.29 (TeX Live 2026) (preloaded format=pdflatex 2026.9.15)  23 SEP 2026 18:14
entering extended mode
 restricted \write18 enabled.
 file:line:error style messages enabled.
 %&-line parsing enabled.
**"/Users/josemaldonado/Developer/Muerte del letargo/muerteDelLetargo.tex"
(/Users/josemaldonado/Developer/Muerte del letargo/muerteDelLetargo.tex
LaTeX2e <2025-11-01>
L3 programming layer <2026-01-19>
(/usr/local/texlive/2026basic/texmf-dist/tex/latex/base/book.cls
Document Class: book 2025/01/22 v1.4n Standard LaTeX document class
(/usr/local/texlive/2026basic/texmf-dist/tex/latex/base/bk12.clo
File: bk12.clo 2025/01/22 v1.4n Standard LaTeX file (size option)
)
\c@part=\count275
\c@chapter=\count276
\c@section=\count277
\c@subsection=\count278
\c@subsubsection=\count279
\c@paragraph=\count280
\c@subparagraph=\count281
\c@figure=\count282
\c@table=\count283
\abovecaptionskip=\skip49
\belowcaptionskip=\skip50
\bibindent=\dimen148
) (/usr/local/texlive/2026basic/texmf-dist/tex/latex/base/inputenc.sty
Package: inputenc 2024/02/08 v1.3d Input encoding file
\inpenc@prehook=\toks17
\inpenc@posthook=\toks18
) (/usr/local/texlive/2026basic/texmf-dist/tex/generic/babel/babel.sty
Package: babel 2026/02/14 v26.3 The multilingual framework for LuaLaTeX, pdfLaTeX and XeLaTeX
\babel@savecnt=\count284
LaTeX Encoding Info:    Redeclaring text command \ij (encoding OT1) on input line 2078.
LaTeX Encoding Info:    Redeclaring text command \IJ (encoding OT1) on input line 2080.
LaTeX Encoding Info:    Redeclaring text command \ij (encoding T1) on input line 2082.
LaTeX Encoding Info:    Redeclaring text command \IJ (encoding T1) on input line 2083.
LaTeX Encoding Info:    Ignoring declaration for text command \ij (encoding ?) on input line 2084.
LaTeX Encoding Info:    Ignoring declaration for text command \IJ (encoding ?) on input line 2086.
LaTeX Encoding Info:    Ignoring declaration for text command \SS (encoding ?) on input line 2111.
\U@D=\dimen149
\l@unhyphenated=\language25
 (/usr/local/texlive/2026basic/texmf-dist/tex/generic/babel/txtbabel.def)
\bbl@readstream=\read2
\bbl@dirlevel=\count285
 (/usr/local/texlive/2026basic/texmf-dist/tex/generic/babel/locale/es/babel-spanish.tex)
Package babel Info: Importing font and identification data for spanish
(babel)             from babel-es.ini. Reported on input line 4330.
 (/usr/local/texlive/2026basic/texmf-dist/tex/generic/babel-spanish/spanish.ldf
Language: spanish.ldf 2021/05/27 v5.0q Spanish support from the babel system
\es@quottoks=\toks19
\es@quotdepth=\count286
Package babel Info: Making " an active character on input line 570.
Package babel Info: Making < an active character on input line 722.
Package babel Info: Making > an active character on input line 722.
))
LaTeX Encoding Info:    Redeclaring text command \guillemotleft (encoding OT1) on input line 6.
LaTeX Encoding Info:    Redeclaring text command \guillemotright (encoding OT1) on input line 6.
 (/usr/local/texlive/2026basic/texmf-dist/tex/latex/geometry/geometry.sty
Package: geometry 2020/01/02 v5.9 Page Geometry
 (/usr/local/texlive/2026basic/texmf-dist/tex/latex/graphics/keyval.sty
Package: keyval 2022/05/29 v1.15 key=value parser (DPC)
\KV@toks@=\toks20
) (/usr/local/texlive/2026basic/texmf-dist/tex/generic/iftex/ifvtex.sty
Package: ifvtex 2019/10/25 v1.7 ifvtex legacy package. Use iftex instead.
 (/usr/local/texlive/2026basic/texmf-dist/tex/generic/iftex/iftex.sty
Package: iftex 2024/12/12 v1.0g TeX engine tests
))
\Gm@cnth=\count287
\Gm@cntv=\count288
\c@Gm@tempcnt=\count289
\Gm@bindingoffset=\dimen150
\Gm@wd@mp=\dimen151
\Gm@odd@mp=\dimen152
\Gm@even@mp=\dimen153
\Gm@layoutwidth=\dimen154
\Gm@layoutheight=\dimen155
\Gm@layouthoffset=\dimen156
\Gm@layoutvoffset=\dimen157
\Gm@dimlist=\toks21
) (/usr/local/texlive/2026basic/texmf-dist/tex/latex/graphics/graphicx.sty
Package: graphicx 2024/12/31 v1.2e Enhanced LaTeX Graphics (DPC,SPQR)
 (/usr/local/texlive/2026basic/texmf-dist/tex/latex/graphics/graphics.sty
Package: graphics 2024/08/06 v1.4g Standard LaTeX Graphics (DPC,SPQR)
 (/usr/local/texlive/2026basic/texmf-dist/tex/latex/graphics/trig.sty
Package: trig 2023/12/02 v1.11 sin cos tan (DPC)
) (/usr/local/texlive/2026basic/texmf-dist/tex/latex/graphics-cfg/graphics.cfg
File: graphics.cfg 2016/06/04 v1.11 sample graphics configuration
)
Package graphics Info: Driver file: pdftex.def on input line 106.
 (/usr/local/texlive/2026basic/texmf-dist/tex/latex/graphics-def/pdftex.def
File: pdftex.def 2025/09/29 v1.2d Graphics/color driver for pdftex
))
\Gin@req@height=\dimen158
\Gin@req@width=\dimen159
) (/usr/local/texlive/2026basic/texmf-dist/tex/latex/setspace/setspace.sty
Package: setspace 2022/12/04 v6.7b set line spacing
) (/usr/local/texlive/2026basic/texmf-dist/tex/latex/xcolor/xcolor.sty
Package: xcolor 2024/09/29 v3.02 LaTeX color extensions (UK)
 (/usr/local/texlive/2026basic/texmf-dist/tex/latex/graphics-cfg/color.cfg
File: color.cfg 2016/01/02 v1.6 sample color configuration
)
Package xcolor Info: Driver file: pdftex.def on input line 274.
 (/usr/local/texlive/2026basic/texmf-dist/tex/latex/graphics/mathcolor.ltx)
Package xcolor Info: Model `cmy' substituted by `cmy0' on input line 1349.
Package xcolor Info: Model `hsb' substituted by `rgb' on input line 1353.
Package xcolor Info: Model `RGB' extended on input line 1365.
Package xcolor Info: Model `HTML' substituted by `rgb' on input line 1367.
Package xcolor Info: Model `Hsb' substituted by `hsb' on input line 1368.
Package xcolor Info: Model `tHsb' substituted by `hsb' on input line 1369.
Package xcolor Info: Model `HSB' substituted by `hsb' on input line 1370.
Package xcolor Info: Model `Gray' substituted by `gray' on input line 1371.
Package xcolor Info: Model `wave' substituted by `hsb' on input line 1372.
) (/usr/local/texlive/2026basic/texmf-dist/tex/latex/pagecolor/pagecolor.sty
Package: pagecolor 2025-01-28 v1.2d Provides thepagecolor (HMM)
) (/usr/local/texlive/2026basic/texmf-dist/tex/latex/fancyhdr/fancyhdr.sty
Package: fancyhdr 2025/02/07 v5.2 Extensive control of page headers and footers
\f@nch@headwidth=\skip51
\f@nch@offset@elh=\skip52
\f@nch@offset@erh=\skip53
\f@nch@offset@olh=\skip54
\f@nch@offset@orh=\skip55
\f@nch@offset@elf=\skip56
\f@nch@offset@erf=\skip57
\f@nch@offset@olf=\skip58
\f@nch@offset@orf=\skip59
\f@nch@height=\skip60
\f@nch@footalignment=\skip61
\f@nch@widthL=\skip62
\f@nch@widthC=\skip63
\f@nch@widthR=\skip64
\@temptokenb=\toks22
) (/usr/local/texlive/2026basic/texmf-dist/tex/latex/l3backend/l3backend-pdftex.def
File: l3backend-pdftex.def 2025-10-09 L3 backend support: PDF output (pdfTeX)
\l__color_backend_stack_int=\count290
) (./muerteDelLetargo.aux
LaTeX Info: Redefining \. on input line 8.
LaTeX Info: Redefining \% on input line 8.
Package babel Info: 'spanish' activates 'spanish' shorthands.
(babel)             Reported on input line 8.
)
\openout1 = `muerteDelLetargo.aux'.

LaTeX Font Info:    Checking defaults for OML/cmm/m/it on input line 70.
LaTeX Font Info:    ... okay on input line 70.
LaTeX Font Info:    Checking defaults for OMS/cmsy/m/n on input line 70.
LaTeX Font Info:    ... okay on input line 70.
LaTeX Font Info:    Checking defaults for OT1/cmr/m/n on input line 70.
LaTeX Font Info:    ... okay on input line 70.
LaTeX Font Info:    Checking defaults for T1/cmr/m/n on input line 70.
LaTeX Font Info:    ... okay on input line 70.
LaTeX Font Info:    Checking defaults for TS1/cmr/m/n on input line 70.
LaTeX Font Info:    ... okay on input line 70.
LaTeX Font Info:    Checking defaults for OMX/cmex/m/n on input line 70.
LaTeX Font Info:    ... okay on input line 70.
LaTeX Font Info:    Checking defaults for U/cmr/m/n on input line 70.
LaTeX Font Info:    ... okay on input line 70.
LaTeX Info: Redefining \. on input line 70.
LaTeX Info: Redefining \% on input line 70.

*geometry* driver: auto-detecting
*geometry* detected driver: pdftex
*geometry* verbose mode - [ preamble ] result:
* driver: pdftex
* paper: custom
* layout: <same size as paper>
* layoutoffset:(h,v)=(0.0pt,0.0pt)
* modes: 
* h-part:(L,W,R)=(56.9055pt, 307.28978pt, 56.9055pt)
* v-part:(T,H,B)=(71.13188pt, 455.24411pt, 71.13188pt)
* \paperwidth=421.10078pt
* \paperheight=597.50787pt
* \textwidth=307.28978pt
* \textheight=455.24411pt
* \oddsidemargin=-15.36449pt
* \evensidemargin=-15.36449pt
* \topmargin=-33.0119pt
* \headheight=12.0pt
* \headsep=19.8738pt
* \topskip=12.0pt
* \footskip=30.0pt
* \marginparwidth=7.0pt
* \marginparsep=7.0pt
* \columnsep=10.0pt
* \skip\footins=10.8pt plus 4.0pt minus 2.0pt
* \hoffset=0.0pt
* \voffset=0.0pt
* \mag=1000
* \@twocolumnfalse
* \@twosidefalse
* \@mparswitchfalse
* \@reversemarginfalse
* (1in=72.27pt=25.4mm, 1cm=28.453pt)

(/usr/local/texlive/2026basic/texmf-dist/tex/context/base/mkii/supp-pdf.mkii
[Loading MPS to PDF converter (version 2006.09.02).]
\scratchcounter=\count291
\scratchdimen=\dimen160
\scratchbox=\box53
\nofMPsegments=\count292
\nofMParguments=\count293
\everyMPshowfont=\toks23
\MPscratchCnt=\count294
\MPscratchDim=\dimen161
\MPnumerator=\count295
\makeMPintoPDFobject=\count296
\everyMPtoPDFconversion=\toks24
) (/usr/local/texlive/2026basic/texmf-dist/tex/latex/epstopdf-pkg/epstopdf-base.sty
Package: epstopdf-base 2020-01-24 v2.11 Base part for package epstopdf
Package epstopdf-base Info: Redefining graphics rule for `.eps' on input line 485.
 (/usr/local/texlive/2026basic/texmf-dist/tex/latex/latexconfig/epstopdf-sys.cfg
File: epstopdf-sys.cfg 2010/07/13 v1.3 Configuration of (r)epstopdf for TeX Live
)) [1


{/usr/local/texlive/2026basic/texmf-var/fonts/map/pdftex/updmap/pdftex.map}] (./muerteDelLetargo.toc
LaTeX Info: Redefining \. on input line 1.
LaTeX Info: Redefining \% on input line 1.
LaTeX Font Info:    External font `cmex10' loaded for size
(Font)              <12> on input line 4.
LaTeX Font Info:    External font `cmex10' loaded for size
(Font)              <8> on input line 4.
LaTeX Font Info:    External font `cmex10' loaded for size
(Font)              <6> on input line 4.
 [1


] [2])
\tf@toc=\write3
\openout3 = `muerteDelLetargo.toc'.

 [3]
Overfull \hbox (17.62482pt too wide) in paragraph at lines 102--102
[][][] 
 []

[4


] [5] [6

]
Overfull \hbox (17.62482pt too wide) in paragraph at lines 120--120
[][][] 
 []

[7


]
Overfull \hbox (17.62482pt too wide) in paragraph at lines 134--134
[][][] 
 []

[8

]
Overfull \hbox (17.62482pt too wide) in paragraph at lines 150--150
[][][] 
 []

[9

]
Overfull \hbox (17.62482pt too wide) in paragraph at lines 158--158
[][][] 
 []

[10

]
Overfull \hbox (17.62482pt too wide) in paragraph at lines 175--175
[][][] 
 []

[11

]
Overfull \hbox (17.62482pt too wide) in paragraph at lines 191--191
[][][] 
 []

[12

] [13]
<certidumbre.png, id=50, 587.19376pt x 801.99625pt>
File: certidumbre.png Graphic file (type png)
<use certidumbre.png>
Package pdftex.def Info: certidumbre.png  used on input line 227.
(pdftex.def)             Requested size: 307.28978pt x 419.69597pt.
 [14

 <./certidumbre.png>]
Overfull \hbox (17.62482pt too wide) in paragraph at lines 231--231
[][][] 
 []

[15


]
Overfull \hbox (17.62482pt too wide) in paragraph at lines 257--257
[][][] 
 []

[16

] [17]
Overfull \hbox (17.62482pt too wide) in paragraph at lines 290--290
[][][] 
 []

[18

] [19]
<libertad.png, id=72, 544.0325pt x 770.88pt>
File: libertad.png Graphic file (type png)
<use libertad.png>
Package pdftex.def Info: libertad.png  used on input line 313.
(pdftex.def)             Requested size: 307.28978pt x 435.44215pt.
 [20

 <./libertad.png>]
Overfull \hbox (17.62482pt too wide) in paragraph at lines 318--318
[][][] 
 []

[21


]
Overfull \hbox (17.62482pt too wide) in paragraph at lines 333--333
[][][] 
 []

[22

]
<bangover.png, id=83, 598.235pt x 812.03375pt>
File: bangover.png Graphic file (type png)
<use bangover.png>
Package pdftex.def Info: bangover.png  used on input line 358.
(pdftex.def)             Requested size: 307.28978pt x 417.11787pt.
 [23

 <./bangover.png>]
Overfull \hbox (17.62482pt too wide) in paragraph at lines 362--362
[][][] 
 []

[24


] [25]
<verano en invierno.png, id=95, 578.16pt x 830.10126pt>
File: verano en invierno.png Graphic file (type png)
<use verano en invierno.png>
Package pdftex.def Info: verano en invierno.png  used on input line 388.
(pdftex.def)             Requested size: 307.28978pt x 441.19287pt.
 [26

 <./verano en invierno.png>]
Overfull \hbox (17.62482pt too wide) in paragraph at lines 392--392
[][][] 
 []

[27


]
Overfull \hbox (17.62482pt too wide) in paragraph at lines 403--403
[][][] 
 []

[28

]
Overfull \hbox (17.62482pt too wide) in paragraph at lines 414--414
[][][] 
 []

[29

]
Overfull \hbox (17.62482pt too wide) in paragraph at lines 423--423
[][][] 
 []

[30

]
Overfull \hbox (17.62482pt too wide) in paragraph at lines 432--432
[][][] 
 []

[31

]
<tragedia.png, id=116, 585.18625pt x 819.06pt>
File: tragedia.png Graphic file (type png)
<use tragedia.png>
Package pdftex.def Info: tragedia.png  used on input line 447.
(pdftex.def)             Requested size: 307.28978pt x 430.11293pt.
 [32

 <./tragedia.png>]
Overfull \hbox (17.62482pt too wide) in paragraph at lines 451--451
[][][] 
 []

[33


]
Overfull \hbox (17.62482pt too wide) in paragraph at lines 476--476
[][][] 
 []

[34

] [35]
Overfull \hbox (17.62482pt too wide) in paragraph at lines 503--503
[][][] 
 []

[36

]
Overfull \hbox (17.62482pt too wide) in paragraph at lines 514--514
[][][] 
 []

[37

]
Overfull \hbox (17.62482pt too wide) in paragraph at lines 530--530
[][][] 
 []

[38

] [39

]
Overfull \hbox (17.62482pt too wide) in paragraph at lines 542--542
[][][] 
 []

[40


]
Overfull \hbox (17.62482pt too wide) in paragraph at lines 564--564
[][][] 
 []

[41

]
<lascivia.png, id=149, 586.19pt x 786.94pt>
File: lascivia.png Graphic file (type png)
<use lascivia.png>
Package pdftex.def Info: lascivia.png  used on input line 594.
(pdftex.def)             Requested size: 307.28978pt x 412.52528pt.
 [42

 <./lascivia.png>]
Overfull \hbox (17.62482pt too wide) in paragraph at lines 598--598
[][][] 
 []

[43


]
<redencion.png, id=158, 592.2125pt x 827.09pt>
File: redencion.png Graphic file (type png)
<use redencion.png>
Package pdftex.def Info: redencion.png  used on input line 624.
(pdftex.def)             Requested size: 307.28978pt x 429.1806pt.
 [44

 <./redencion.png>]
Overfull \hbox (17.62482pt too wide) in paragraph at lines 628--628
[][][] 
 []

[45


]
Overfull \hbox (17.62482pt too wide) in paragraph at lines 655--655
[][][] 
 []

[46

]
Overfull \hbox (17.62482pt too wide) in paragraph at lines 673--673
[][][] 
 []


Overfull \hbox (13.1555pt too wide) in paragraph at lines 676--677
[]\OT1/cmr/m/n/12 adelant^^Sando-me a co-sas que no se pue-den apre-su-rar, dej^^Sando-
 []

[47

]
Overfull \hbox (17.62482pt too wide) in paragraph at lines 689--689
[][][] 
 []

[48

]
Overfull \hbox (17.62482pt too wide) in paragraph at lines 715--715
[][][] 
 []

[49

]
Overfull \hbox (17.62482pt too wide) in paragraph at lines 739--739
[][][] 
 []

[50

]
Overfull \hbox (17.62482pt too wide) in paragraph at lines 758--758
[][][] 
 []


Overfull \hbox (7.01945pt too wide) in paragraph at lines 784--785
[]\OT1/cmr/m/n/12 Con pe-so en sus cin-co pla-tos, ha-ce un gran es-fuer-zo mec^^Sani-
 []

[51

] [52]
Overfull \hbox (17.62482pt too wide) in paragraph at lines 787--787
[][][] 
 []

[53

]
Overfull \hbox (17.62482pt too wide) in paragraph at lines 798--798
[][][] 
 []


Overfull \hbox (1.59729pt too wide) in paragraph at lines 801--802
[]\OT1/cmr/m/n/12 Mentiras es-cu^^Sali-das gri-ta-das a los vien-tos re-ve-lan un sinf^^S^^Pn
 []

[54

]
<alfayomega.png, id=196, 585.18625pt x 807.015pt>
File: alfayomega.png Graphic file (type png)
<use alfayomega.png>
Package pdftex.def Info: alfayomega.png  used on input line 817.
(pdftex.def)             Requested size: 307.28978pt x 423.78773pt.
 [55

 <./alfayomega.png>]
Overfull \hbox (17.62482pt too wide) in paragraph at lines 821--821
[][][] 
 []


Overfull \hbox (1.07507pt too wide) in paragraph at lines 837--838
[]\OT1/cmr/m/n/12 Me hin-qu^^Se, se-qu^^Se las l^^Sagri-mas del in-de-fen-so ani-mal, arran-
 []

[56


] [57

]
Overfull \hbox (17.62482pt too wide) in paragraph at lines 847--847
[][][] 
 []

[58


]
<resurreccion.png, id=210, 586.19pt x 798.985pt>
File: resurreccion.png Graphic file (type png)
<use resurreccion.png>
Package pdftex.def Info: resurreccion.png  used on input line 868.
(pdftex.def)             Requested size: 307.28978pt x 418.83945pt.
 [59

 <./resurreccion.png>]
Overfull \hbox (17.62482pt too wide) in paragraph at lines 872--872
[][][] 
 []

[60


]
Overfull \hbox (17.62482pt too wide) in paragraph at lines 883--883
[][][] 
 []

[61

]
Overfull \hbox (17.62482pt too wide) in paragraph at lines 907--907
[][][] 
 []

[62

]
Overfull \hbox (17.62482pt too wide) in paragraph at lines 920--920
[][][] 
 []

[63

]
Overfull \hbox (17.62482pt too wide) in paragraph at lines 935--935
[][][] 
 []


Overfull \hbox (1.0098pt too wide) in paragraph at lines 961--962
[]\OT1/cmr/m/n/12 Una fuen-te que no se ago-tar^^Sa es-tan-do so-lo ni acom-pa~nado;
 []

[64

] [65]
Overfull \hbox (17.62482pt too wide) in paragraph at lines 964--964
[][][] 
 []

[66

]
Overfull \hbox (17.62482pt too wide) in paragraph at lines 979--979
[][][] 
 []

[67

]
<origen.png, id=241, 596.2275pt x 806.01125pt>
File: origen.png Graphic file (type png)
<use origen.png>
Package pdftex.def Info: origen.png  used on input line 997.
(pdftex.def)             Requested size: 307.28978pt x 415.41405pt.
 [68

 <./origen.png>]
Overfull \hbox (17.62482pt too wide) in paragraph at lines 1001--1001
[][][] 
 []

[69


]
Overfull \hbox (17.62482pt too wide) in paragraph at lines 1014--1014
[][][] 
 []

[70

]
<alejandro.png, id=252, 586.19pt x 791.95876pt>
File: alejandro.png Graphic file (type png)
<use alejandro.png>
Package pdftex.def Info: alejandro.png  used on input line 1038.
(pdftex.def)             Requested size: 307.28978pt x 415.15619pt.
 [71

 <./alejandro.png>]
Overfull \hbox (17.62482pt too wide) in paragraph at lines 1042--1042
[][][] 
 []

[72


]
Overfull \hbox (17.62482pt too wide) in paragraph at lines 1056--1056
[][][] 
 []

[73

]
Overfull \hbox (17.62482pt too wide) in paragraph at lines 1066--1066
[][][] 
 []

[74

]
Overfull \hbox (17.62482pt too wide) in paragraph at lines 1087--1087
[][][] 
 []

[75

]
Overfull \hbox (17.62482pt too wide) in paragraph at lines 1121--1121
[][][] 
 []

[76


]
Overfull \hbox (22.46045pt too wide) in paragraph at lines 1135--1136
[]\OT1/cmr/m/n/12 Referencia l^^S^^Pri-ca/aliterada a las re-for-mas hist^^Sori-
 []

[77] [78] [79] [80] (./muerteDelLetargo.aux
LaTeX Info: Redefining \. on input line 8.
LaTeX Info: Redefining \% on input line 8.
)
 ***********
LaTeX2e <2025-11-01>
L3 programming layer <2026-01-19>
 ***********
 ) 
Here is how much of TeX's memory you used:
 4380 strings out of 468962
 72685 string characters out of 5453510
 500886 words of memory out of 5000000
 33058 multiletter control sequences out of 15000+600000
 632323 words of font info for 55 fonts, out of 8000000 for 9000
 345 hyphenation exceptions out of 8191
 57i,7n,66p,444b,410s stack positions out of 10000i,1000n,20000p,200000b,200000s
</usr/local/texlive/2026basic/texmf-dist/fonts/type1/public/amsfonts/cm/cmbx12.pfb></usr/local/texlive/2026basic/texmf-dist/fonts/type1/public/amsfonts/cm/cmr12.pfb></usr/local/texlive/2026basic/texmf-dist/fonts/type1/public/amsfonts/cm/cmr17.pfb></usr/local/texlive/2026basic/texmf-dist/fonts/type1/public/amsfonts/cm/cmti12.pfb>
Output written on muerteDelLetargo.pdf (81 pages, 23911558 bytes).
PDF statistics:
 309 PDF objects out of 1000 (max. 8388607)
 194 compressed objects within 2 object streams
 0 named destinations out of 1000 (max. 500000)
 56 words of extra memory for PDF output out of 10000 (max. 10000000)

